// Jest Snapshot v1, https://goo.gl/fbAQLP

exports[`UXCapture renders correct markup when all props are defined 1`] = `
<Fragment>
  <_default
    onMark={[Function]}
    onMeasure={[Function]}
  />
  <UXCaptureStartView
    primaryActionAvailable={
      Array [
        "ux-primary-action-available",
      ]
    }
    primaryContentDisplayed={
      Array [
        "ux-primary-content-1",
        "ux-primary-content-2",
      ]
    }
    secondaryContentDisplayed={
      Array [
        "ux-secondary-content-1",
        "ux-secondary-content-2",
        "ux-secondary-content-3",
      ]
    }
  />
</Fragment>
`;
