// Jest Snapshot v1, https://goo.gl/fbAQLP

exports[`UXCaptureImageLoad renders component markup 1`] = `
<span
  dangerouslySetInnerHTML={
    Object {
      "__html": "
				<img src=\\"/foo.png\\" onload=\\" if (window.UXCapture && !window.UXCapture['ux-image-load-logo-LOADED']) { window.UXCapture.mark('ux-image-load-logo'); window.UXCapture['ux-image-load-logo-LOADED'] = true; } \\"  class=\\"someClass\\" alt=\\"altText\\" height=\\"50\\" />
			",
    }
  }
/>
`;

exports[`getOnLoadJS renders the correct javascript as a string 1`] = `" if (window.UXCapture && !window.UXCapture['ux-image-load-logo-LOADED']) { window.UXCapture.mark('ux-image-load-logo'); window.UXCapture['ux-image-load-logo-LOADED'] = true; } "`;

exports[`getPropsAsHTMLAttrs renders the correct javascript as a string 1`] = `"class=\\"someClass\\" alt=\\"altText\\" height=\\"50\\""`;
